// Jest Snapshot v1, https://goo.gl/fbAQLP

exports[`Test on AddCategory should show componente 1`] = `
<form
  onSubmit={[Function]}
  style={
    Object {
      "alignItems": "flex-end",
      "display": "flex",
      "flexWrap": "wrap",
      "justifyContent": "center",
    }
  }
>
  <_class
    id="input"
    label="Search"
    onChange={[Function]}
    placeholder="Search your Gift"
    style={
      Object {
        "maxWidth": 700,
        "width": "80%",
      }
    }
    value=""
  />
  <_class
    label="By"
    onChange={[Function]}
    options={
      Array [
        Object {
          "label": "10",
          "value": 10,
        },
        Object {
          "label": "20",
          "value": 20,
        },
        Object {
          "label": "30",
          "value": 30,
        },
      ]
    }
    style={
      Object {
        "margin": "0 12px ",
        "maxWidth": 100,
      }
    }
    value={10}
  />
  <Button
    className="rainbow-m-around_medium"
    disabled={false}
    isLoading={false}
    label="Search"
    onBlur={[Function]}
    onClick={[Function]}
    onFocus={[Function]}
    onKeyDown={[Function]}
    shaded={false}
    style={
      Object {
        "height": 38,
      }
    }
    type="button"
    variant="brand"
  />
</form>
`;
