// Jest Snapshot v1, https://goo.gl/fbAQLP

exports[`Test on GifGrid should render compontent 1`] = `
<Fragment>
  <h3
    className="animate__animated animate__fadeIn"
  >
    GOKU
  </h3>
  <p
    className="animate__animated animate__flash"
  >
    Loading...
  </p>
  <main
    className="card-grid"
  />
</Fragment>
`;
